Report       : CT9042
Date         : 09-09-2025
Time         : 18:34:49

Compiler     : BASCOM-AVR LIBRARY V 2.0.8.7
Processor    : M4809
SRAM         : 1800 hex
EEPROM       : 100 hex
ROMSIZE      : C000 hex

ROMIMAGE     : 66A hex  -> Will fit into ROM
ROMIMAGE     :  1642 dec
FLASH USED   :  3  %
XTAL         : 20000000 Hz
USART0        : BAUD NOT SET
USART1        : BAUD NOT SET
USART2        : BAUD NOT SET
USART3        : BAUD NOT SET

Stack start  : 3FFF hex
Stack size   : 28 hex
S-Stacksize  : 28 hex
S-Stackstart : 3FD8 hex
Framesize    : 28 hex
Framestart   : 3F88 hex
Space left   :  5986  dec

LCD DB7      : PORTF.3
LCD DB6      : PORTF.2
LCD DB5      : PORTF.1
LCD DB4      : PORTF.0
LCD E        : PORTF.4
LCD RS       : PORTF.6
LCD mode     :  4  bit

--------------------------------------------------------------------------------
Variable                         Type            Address(hex)   Address(dec)
--------------------------------------------------------------------------------
SP                               Word              003D          61 
RTC_CNT                          Word              0148          328 
RTC_PER                          Word              014A          330 
RTC_CMP                          Word              014C          332 
ADC0_RES                         Word              0610          1552 
ADC0_WINLT                       Word              0612          1554 
ADC0_WINHT                       Word              0614          1556 
USART0_BAUD                      Word              0808          2056 
USART1_BAUD                      Word              0828          2088 
USART2_BAUD                      Word              0848          2120 
USART3_BAUD                      Word              0868          2152 
TCA0_CNT                         Word              0A20          2592 
TCA0_PER                         Word              0A26          2598 
TCA0_CMP0                        Word              0A28          2600 
TCA0_CMP1                        Word              0A2A          2602 
TCA0_CMP2                        Word              0A2C          2604 
TCA0_PERBUF                      Word              0A36          2614 
TCA0_CMP0BUF                     Word              0A38          2616 
TCA0_CMP1BUF                     Word              0A3A          2618 
TCA0_CMP2BUF                     Word              0A3C          2620 
TCB0_CNT                         Word              0A8A          2698 
TCB0_CCMP                        Word              0A8C          2700 
TCB1_CNT                         Word              0A9A          2714 
TCB1_CCMP                        Word              0A9C          2716 
TCB2_CNT                         Word              0AAA          2730 
TCB2_CCMP                        Word              0AAC          2732 
TCB3_CNT                         Word              0ABA          2746 
TCB3_CCMP                        Word              0ABC          2748 
NVMCTRL_DATA                     Word              1006          4102 
NVMCTRL_ADDR                     Word              1008          4104 
___LTMPA                                           0010          16 
___LTMPB                                           0014          20 
___LTMPC                                           0018          24 
___DWTMPA                                          0010          16 
___DWTMPB                                          0014          20 
___DWTMPC                                          0018          24 
___ITMPA                                           0010          16 
___ITMPB                                           0014          20 
___ITMPC                                           0018          24 
___SINGLEA                       Single            0010          16 
___WTMPA                                           0010          16 
___WTMPR18                                         0012          18 
___ITMPR18                                         0012          18 
___WTMPR22                                         0016          22 
___WTMPR30                                         001E          30 
___WR18                                            0012          18 
___WR16                                            0010          16 
___WR20                                            0014          20 
___WR21                                            0015          21 
___DWR16                                           0010          16 
___DWR20                                           0014          20 
___LR16                                            0010          16 
___LR20                                            0014          20 
___WTMPAH                                          0011          17 
HWSTACK                          Word              003D          61 
SWSTACK                          Word              001C          28 
FRAME                            Word              0004          4 
___WTMPB                                           0014          20 
___WTMPC                                           0018          24 
___STMPA                                           000D          13 
___STMPB                                           0012          18 
_TEMP1                                             0018          24 
_TEMP2                                             0019          25 
___R0                                              0000          0 
___R1                                              0001          1 
___R2                                              0002          2 
___R3                                              0003          3 
___R4                                              0004          4 
___R5                                              0005          5 
___R6                                              0006          6 
___R7                                              0007          7 
___R8                                              0008          8 
___R9                                              0009          9 
___R10                                             000A          10 
___R11                                             000B          11 
___R12                                             000C          12 
___R13                                             000D          13 
___R14                                             000E          14 
___R15                                             000F          15 
___R16                                             0010          16 
___R17                                             0011          17 
___R18                                             0012          18 
___R19                                             0013          19 
___R20                                             0014          20 
___R21                                             0015          21 
___R22                                             0016          22 
___R23                                             0017          23 
___R24                                             0018          24 
___R25                                             0019          25 
___R26                                             001A          26 
___R27                                             001B          27 
___R28                                             001C          28 
___R29                                             001D          29 
___R30                                             001E          30 
___R31                                             001F          31 
R0                                                 0000          0 
R1                                                 0001          1 
R2                                                 0002          2 
R3                                                 0003          3 
R4                                                 0004          4 
R5                                                 0005          5 
R6                                                 0006          6 
R7                                                 0007          7 
R8                                                 0008          8 
R9                                                 0009          9 
R10                                                000A          10 
R11                                                000B          11 
R12                                                000C          12 
R13                                                000D          13 
R14                                                000E          14 
R15                                                000F          15 
R16                                                0010          16 
R17                                                0011          17 
R18                                                0012          18 
R19                                                0013          19 
R20                                                0014          20 
R21                                                0015          21 
R22                                                0016          22 
R23                                                0017          23 
R24                                                0018          24 
R25                                                0019          25 
R26                                                001A          26 
R27                                                001B          27 
R28                                                001C          28 
R29                                                001D          29 
R30                                                001E          30 
R31                                                001F          31 
___BTMPA                                           0010          16 
_A1                                                0010          16 
_A2                                                0011          17 
_A3                                                0012          18 
_A4                                                0013          19 
_B1                                                0014          20 
_B2                                                0015          21 
_B3                                                0016          22 
_B4                                                0017          23 
___BTMPB                                           0014          20 
___BTMPR0                                          0000          0 
___BTMPC                                           0018          24 
___BTMP2                                           0019          25 
___BITTMPA                       Bit [0]           0010          16 
___BITTMPB                       Bit [0]           0014          20 
___BITTMPC                       Bit [0]           0018          24 
___BITSIGNED                     Bit [0]           0006          6 
ERR                              Bit [2]           0006          6 
_XLXH                                              001A          26 
_ZLZH                                              001E          30 
___STRA                          String            0000          0 
___XLBYTE                        Byte              001A          26 
___XLINTEGER                     Integer           001A          26 
___XLWORD                        Word              001A          26 
___XLLONG                        Long              001A          26 
___XLDWORD                       Dword             001A          26 
___XLDOUBLE                      Double            001A          26 
___STRFRAME                      String            0004          4 
___XL                                              001A          26 
___STRBUF                        String            3F88          16264 
LEFTMARKER                       Word              2800          10240 
_XTINYREG                        Byte(8)           2802          10242 
___LTMPAX                        Long              2802          10242 
___DWTMPAX                       Dword             2802          10242 
___BTMPAX                        Byte              2802          10242 
___WTMPAX                        Word              2802          10242 
___STMPAX                        Single            2802          10242 
___DOUBLEAX                      Double            2802          10242 
RIGHTMARKER                      Word              280A          10250 
COOKED                           Word              280C          10252 
COOKEDSTRING                     String * 6        280E          10254 
X                                Integer           2815          10261 
Y                                Integer           2817          10263 
ADCRESULTS                       Integer(3)        2819          10265 
ADCSTRING                        String * 4        281F          10271 
ADCLENGTH                        Byte              2824          10276 
ADCSPACES                        Byte              2825          10277 

--------------------------------------------------------------------------------
Constant                         Value
--------------------------------------------------------------------------------
_SRAM_FREE                       0
_XRAM_FREE                       0
_EPROM_PAGESIZE                  64
_ADC_REFMODEL                    20
VPORTA_DIR                       0
DDRA                             0
VPORTA_OUT                       1
PORTA                            1
VPORTA_IN                        2
PINA                             2
VPORTA_INTFLAGS                  3
VPORTB_DIR                       4
DDRB                             4
VPORTB_OUT                       5
PORTB                            5
VPORTB_IN                        6
PINB                             6
VPORTB_INTFLAGS                  7
VPORTC_DIR                       8
DDRC                             8
VPORTC_OUT                       9
PORTC                            9
VPORTC_IN                        10
PINC                             10
VPORTC_INTFLAGS                  11
VPORTD_DIR                       12
DDRD                             12
VPORTD_OUT                       13
PORTD                            13
VPORTD_IN                        14
PIND                             14
VPORTD_INTFLAGS                  15
VPORTE_DIR                       16
DDRE                             16
VPORTE_OUT                       17
PORTE                            17
VPORTE_IN                        18
PINE                             18
VPORTE_INTFLAGS                  19
VPORTF_DIR                       20
DDRF                             20
VPORTF_OUT                       21
PORTF                            21
VPORTF_IN                        22
PINF                             22
VPORTF_INTFLAGS                  23
GPIO_GPIOR0                      28
GPIO_GPIOR1                      29
GPIO_GPIOR2                      30
GPIO_GPIOR3                      31
CPU_CCP                          52
CPU_SPL                          61
SPL                              61
CPU_SPH                          62
SPH                              62
CPU_SREG                         63
SREG                             63
RSTCTRL_RSTFR                    64
RSTCTRL_SWRR                     65
SLPCTRL_CTRLA                    80
CLKCTRL_MCLKCTRLA                96
CLKCTRL_MCLKCTRLB                97
CLKCTRL_MCLKLOCK                 98
CLKCTRL_MCLKSTATUS               99
CLKCTRL_OSC20MCTRLA              112
CLKCTRL_OSC20MCALIBA             113
CLKCTRL_OSC20MCALIBB             114
CLKCTRL_OSC32KCTRLA              120
CLKCTRL_XOSC32KCTRLA             124
BOD_CTRLA                        128
BOD_CTRLB                        129
BOD_VLMCTRLA                     136
BOD_INTCTRL                      137
BOD_INTFLAGS                     138
BOD_STATUS                       139
VREF_CTRLA                       160
VREF_CTRLB                       161
WDT_CTRLA                        256
WDT_STATUS                       257
CPUINT_CTRLA                     272
CPUINT_STATUS                    273
CPUINT_LVL0PRI                   274
CPUINT_LVL1VEC                   275
CRCSCAN_CTRLA                    288
CRCSCAN_CTRLB                    289
CRCSCAN_STATUS                   290
RTC_CTRLA                        320
RTC_STATUS                       321
RTC_INTCTRL                      322
RTC_INTFLAGS                     323
RTC_TEMP                         324
RTC_DBGCTRL                      325
RTC_CALIB                        326
RTC_CLKSEL                       327
RTC_CNTL                         328
RTC_CNTH                         329
RTC_PERL                         330
RTC_PERH                         331
RTC_CMPL                         332
RTC_CMPH                         333
RTC_PITCTRLA                     336
RTC_PITSTATUS                    337
RTC_PITINTCTRL                   338
RTC_PITINTFLAGS                  339
RTC_PITDBGCTRL                   341
EVSYS_STROBE                     384
EVSYS_CHANNEL0                   400
EVSYS_CHANNEL1                   401
EVSYS_CHANNEL2                   402
EVSYS_CHANNEL3                   403
EVSYS_CHANNEL4                   404
EVSYS_CHANNEL5                   405
EVSYS_CHANNEL6                   406
EVSYS_CHANNEL7                   407
EVSYS_USERCCLLUT0A               416
EVSYS_USERCCLLUT0B               417
EVSYS_USERCCLLUT1A               418
EVSYS_USERCCLLUT1B               419
EVSYS_USERCCLLUT2A               420
EVSYS_USERCCLLUT2B               421
EVSYS_USERCCLLUT3A               422
EVSYS_USERCCLLUT3B               423
EVSYS_USERADC0                   424
EVSYS_USEREVOUTA                 425
EVSYS_USEREVOUTB                 426
EVSYS_USEREVOUTC                 427
EVSYS_USEREVOUTD                 428
EVSYS_USEREVOUTE                 429
EVSYS_USEREVOUTF                 430
EVSYS_USERUSART0                 431
EVSYS_USERUSART1                 432
EVSYS_USERUSART2                 433
EVSYS_USERUSART3                 434
EVSYS_USERTCA0                   435
EVSYS_USERTCB0                   436
EVSYS_USERTCB1                   437
EVSYS_USERTCB2                   438
EVSYS_USERTCB3                   439
CCL_CTRLA                        448
CCL_SEQCTRL0                     449
CCL_SEQCTRL1                     450
CCL_INTCTRL0                     453
CCL_INTFLAGS                     455
CCL_LUT0CTRLA                    456
CCL_LUT0CTRLB                    457
CCL_LUT0CTRLC                    458
CCL_TRUTH0                       459
CCL_LUT1CTRLA                    460
CCL_LUT1CTRLB                    461
CCL_LUT1CTRLC                    462
CCL_TRUTH1                       463
CCL_LUT2CTRLA                    464
CCL_LUT2CTRLB                    465
CCL_LUT2CTRLC                    466
CCL_TRUTH2                       467
CCL_LUT3CTRLA                    468
CCL_LUT3CTRLB                    469
CCL_LUT3CTRLC                    470
CCL_TRUTH3                       471
PORTA_DIR                        1024
PORTA_DIRSET                     1025
PORTA_DIRCLR                     1026
PORTA_DIRTGL                     1027
PORTA_OUT                        1028
PORTA_OUTSET                     1029
PORTA_OUTCLR                     1030
PORTA_OUTTGL                     1031
PORTA_IN                         1032
PORTA_INTFLAGS                   1033
PORTA_PORTCTRL                   1034
PORTA_PIN0CTRL                   1040
PORTA_PIN1CTRL                   1041
PORTA_PIN2CTRL                   1042
PORTA_PIN3CTRL                   1043
PORTA_PIN4CTRL                   1044
PORTA_PIN5CTRL                   1045
PORTA_PIN6CTRL                   1046
PORTA_PIN7CTRL                   1047
PORTB_DIR                        1056
PORTB_DIRSET                     1057
PORTB_DIRCLR                     1058
PORTB_DIRTGL                     1059
PORTB_OUT                        1060
PORTB_OUTSET                     1061
PORTB_OUTCLR                     1062
PORTB_OUTTGL                     1063
PORTB_IN                         1064
PORTB_INTFLAGS                   1065
PORTB_PORTCTRL                   1066
PORTB_PIN0CTRL                   1072
PORTB_PIN1CTRL                   1073
PORTB_PIN2CTRL                   1074
PORTB_PIN3CTRL                   1075
PORTB_PIN4CTRL                   1076
PORTB_PIN5CTRL                   1077
PORTB_PIN6CTRL                   1078
PORTB_PIN7CTRL                   1079
PORTC_DIR                        1088
PORTC_DIRSET                     1089
PORTC_DIRCLR                     1090
PORTC_DIRTGL                     1091
PORTC_OUT                        1092
PORTC_OUTSET                     1093
PORTC_OUTCLR                     1094
PORTC_OUTTGL                     1095
PORTC_IN                         1096
PORTC_INTFLAGS                   1097
PORTC_PORTCTRL                   1098
PORTC_PIN0CTRL                   1104
PORTC_PIN1CTRL                   1105
PORTC_PIN2CTRL                   1106
PORTC_PIN3CTRL                   1107
PORTC_PIN4CTRL                   1108
PORTC_PIN5CTRL                   1109
PORTC_PIN6CTRL                   1110
PORTC_PIN7CTRL                   1111
PORTD_DIR                        1120
PORTD_DIRSET                     1121
PORTD_DIRCLR                     1122
PORTD_DIRTGL                     1123
PORTD_OUT                        1124
PORTD_OUTSET                     1125
PORTD_OUTCLR                     1126
PORTD_OUTTGL                     1127
PORTD_IN                         1128
PORTD_INTFLAGS                   1129
PORTD_PORTCTRL                   1130
PORTD_PIN0CTRL                   1136
PORTD_PIN1CTRL                   1137
PORTD_PIN2CTRL                   1138
PORTD_PIN3CTRL                   1139
PORTD_PIN4CTRL                   1140
PORTD_PIN5CTRL                   1141
PORTD_PIN6CTRL                   1142
PORTD_PIN7CTRL                   1143
PORTE_DIR                        1152
PORTE_DIRSET                     1153
PORTE_DIRCLR                     1154
PORTE_DIRTGL                     1155
PORTE_OUT                        1156
PORTE_OUTSET                     1157
PORTE_OUTCLR                     1158
PORTE_OUTTGL                     1159
PORTE_IN                         1160
PORTE_INTFLAGS                   1161
PORTE_PORTCTRL                   1162
PORTE_PIN0CTRL                   1168
PORTE_PIN1CTRL                   1169
PORTE_PIN2CTRL                   1170
PORTE_PIN3CTRL                   1171
PORTE_PIN4CTRL                   1172
PORTE_PIN5CTRL                   1173
PORTE_PIN6CTRL                   1174
PORTE_PIN7CTRL                   1175
PORTF_DIR                        1184
PORTF_DIRSET                     1185
PORTF_DIRCLR                     1186
PORTF_DIRTGL                     1187
PORTF_OUT                        1188
PORTF_OUTSET                     1189
PORTF_OUTCLR                     1190
PORTF_OUTTGL                     1191
PORTF_IN                         1192
PORTF_INTFLAGS                   1193
PORTF_PORTCTRL                   1194
PORTF_PIN0CTRL                   1200
PORTF_PIN1CTRL                   1201
PORTF_PIN2CTRL                   1202
PORTF_PIN3CTRL                   1203
PORTF_PIN4CTRL                   1204
PORTF_PIN5CTRL                   1205
PORTF_PIN6CTRL                   1206
PORTF_PIN7CTRL                   1207
PORTMUX_EVSYSROUTEA              1504
PORTMUX_CCLROUTEA                1505
PORTMUX_USARTROUTEA              1506
PORTMUX_TWISPIROUTEA             1507
PORTMUX_TCAROUTEA                1508
PORTMUX_TCBROUTEA                1509
ADC0_CTRLA                       1536
ADC0_CTRLB                       1537
ADC0_CTRLC                       1538
ADC0_CTRLD                       1539
ADC0_CTRLE                       1540
ADC0_SAMPCTRL                    1541
ADC0_MUXPOS                      1542
ADC0_COMMAND                     1544
ADC0_EVCTRL                      1545
ADC0_INTCTRL                     1546
ADC0_INTFLAGS                    1547
ADC0_DBGCTRL                     1548
ADC0_TEMP                        1549
ADC0_RESL                        1552
ADC0_RESH                        1553
ADC0_WINLTL                      1554
ADC0_WINLTH                      1555
ADC0_WINHTL                      1556
ADC0_WINHTH                      1557
ADC0_CALIB                       1558
AC0_CTRLA                        1664
AC0_MUXCTRLA                     1666
AC0_DACREF                       1668
AC0_INTCTRL                      1670
AC0_STATUS                       1671
USART0_RXDATAL                   2048
UDRR                             2048
USART0_RXDATAH                   2049
USART0_TXDATAL                   2050
UDRW                             2050
USART0_TXDATAH                   2051
USART0_STATUS                    2052
USR                              2052
USART0_CTRLA                     2053
USART0_CTRLB                     2054
UCR                              2054
USART0_CTRLC                     2055
USART0_BAUDL                     2056
USART0_BAUDH                     2057
USART0_CTRLD                     2058
USART0_DBGCTRL                   2059
USART0_EVCTRL                    2060
USART0_TXPLCTRL                  2061
USART0_RXPLCTRL                  2062
USART1_RXDATAL                   2080
UDRR1                            2080
USART1_RXDATAH                   2081
USART1_TXDATAL                   2082
UDRW1                            2082
USART1_TXDATAH                   2083
USART1_STATUS                    2084
USR1                             2084
UCSR1A                           2084
USART1_CTRLA                     2085
USART1_CTRLB                     2086
UCR1                             2086
USART1_CTRLC                     2087
USART1_BAUDL                     2088
USART1_BAUDH                     2089
USART1_CTRLD                     2090
USART1_DBGCTRL                   2091
USART1_EVCTRL                    2092
USART1_TXPLCTRL                  2093
USART1_RXPLCTRL                  2094
USART2_RXDATAL                   2112
UDRR2                            2112
USART2_RXDATAH                   2113
USART2_TXDATAL                   2114
UDRW2                            2114
USART2_TXDATAH                   2115
USART2_STATUS                    2116
USR2                             2116
UCSR2A                           2116
USART2_CTRLA                     2117
USART2_CTRLB                     2118
UCR2                             2118
USART2_CTRLC                     2119
USART2_BAUDL                     2120
USART2_BAUDH                     2121
USART2_CTRLD                     2122
USART2_DBGCTRL                   2123
USART2_EVCTRL                    2124
USART2_TXPLCTRL                  2125
USART2_RXPLCTRL                  2126
USART3_RXDATAL                   2144
UDRR3                            2144
USART3_RXDATAH                   2145
USART3_TXDATAL                   2146
UDRW3                            2146
USART3_TXDATAH                   2147
USART3_STATUS                    2148
USR3                             2148
UCSR3A                           2148
USART3_CTRLA                     2149
USART3_CTRLB                     2150
UCR3                             2150
USART3_CTRLC                     2151
USART3_BAUDL                     2152
USART3_BAUDH                     2153
USART3_CTRLD                     2154
USART3_DBGCTRL                   2155
USART3_EVCTRL                    2156
USART3_TXPLCTRL                  2157
USART3_RXPLCTRL                  2158
TWI0_CTRLA                       2208
TWI0_DUALCTRL                    2209
TWI0_DBGCTRL                     2210
TWI0_MCTRLA                      2211
TWI0_MCTRLB                      2212
TWI0_MSTATUS                     2213
TWI0_MBAUD                       2214
TWI0_MADDR                       2215
TWI0_MDATA                       2216
TWI0_SCTRLA                      2217
TWI0_SCTRLB                      2218
TWI0_SSTATUS                     2219
TWI0_SADDR                       2220
TWI0_SDATA                       2221
TWI0_SADDRMASK                   2222
SPI0_CTRLA                       2240
SPI0_CTRLB                       2241
SPI0_INTCTRL                     2242
SPI0_INTFLAGS                    2243
SPI0_DATA                        2244
TCA0_CTRLA                       2560
TCA0_SPLIT_CTRLA                 2560
TCA0_CTRLB                       2561
TCA0_SPLIT_CTRLB                 2561
TCA0_CTRLC                       2562
TCA0_SPLIT_CTRLC                 2562
TCA0_CTRLD                       2563
TCA0_SPLIT_CTRLD                 2563
TCA0_CTRLECLR                    2564
TCA0_SPLIT_CTRLECLR              2564
TCA0_CTRLESET                    2565
TCA0_SPLIT_CTRLESET              2565
TCA0_CTRLFCLR                    2566
TCA0_SPLIT_CTRLFCLR              2566
TCA0_CTRLFSET                    2567
TCA0_SPLIT_CTRLFSET              2567
TCA0_EVCTRL                      2569
TCA0_SPLIT_EVCTRL                2569
TCA0_INTCTRL                     2570
TCA0_SPLIT_INTCTRL               2570
TCA0_INTFLAGS                    2571
TCA0_SPLIT_INTFLAGS              2571
TCA0_DBGCTRL                     2574
TCA0_SPLIT_DBGCTRL               2574
TCA0_TEMP                        2575
TCA0_CNTL                        2592
TCA0_CNTH                        2593
TCA0_PERL                        2598
TCA0_PERH                        2599
TCA0_CMP0L                       2600
TCA0_CMP0H                       2601
TCA0_CMP1L                       2602
TCA0_CMP1H                       2603
TCA0_CMP2L                       2604
TCA0_CMP2H                       2605
TCA0_PERBUFL                     2614
TCA0_PERBUFH                     2615
TCA0_CMP0BUFL                    2616
TCA0_CMP0BUFH                    2617
TCA0_CMP1BUFL                    2618
TCA0_CMP1BUFH                    2619
TCA0_CMP2BUFL                    2620
TCA0_CMP2BUFH                    2621
TCB0_CTRLA                       2688
TCB0_CTRLB                       2689
TCB0_EVCTRL                      2692
TCB0_INTCTRL                     2693
TCB0_INTFLAGS                    2694
TCB0_STATUS                      2695
TCB0_DBGCTRL                     2696
TCB0_TEMP                        2697
TCB0_CNTL                        2698
TCB0_CNTH                        2699
TCB0_CCMPL                       2700
TCB0_CCMPH                       2701
TCB1_CTRLA                       2704
TCB1_CTRLB                       2705
TCB1_EVCTRL                      2708
TCB1_INTCTRL                     2709
TCB1_INTFLAGS                    2710
TCB1_STATUS                      2711
TCB1_DBGCTRL                     2712
TCB1_TEMP                        2713
TCB1_CNTL                        2714
TCB1_CNTH                        2715
TCB1_CCMPL                       2716
TCB1_CCMPH                       2717
TCB2_CTRLA                       2720
TCB2_CTRLB                       2721
TCB2_EVCTRL                      2724
TCB2_INTCTRL                     2725
TCB2_INTFLAGS                    2726
TCB2_STATUS                      2727
TCB2_DBGCTRL                     2728
TCB2_TEMP                        2729
TCB2_CNTL                        2730
TCB2_CNTH                        2731
TCB2_CCMPL                       2732
TCB2_CCMPH                       2733
TCB3_CTRLA                       2736
TCB3_CTRLB                       2737
TCB3_EVCTRL                      2740
TCB3_INTCTRL                     2741
TCB3_INTFLAGS                    2742
TCB3_STATUS                      2743
TCB3_DBGCTRL                     2744
TCB3_TEMP                        2745
TCB3_CNTL                        2746
TCB3_CNTH                        2747
TCB3_CCMPL                       2748
TCB3_CCMPH                       2749
SYSCFG_REVID                     3841
SYSCFG_EXTBRK                    3842
SYSCFG_OCDM                      3864
SYSCFG_OCDMS                     3865
NVMCTRL_CTRLA                    4096
NVMCTRL_CTRLB                    4097
NVMCTRL_STATUS                   4098
NVMCTRL_INTCTRL                  4099
NVMCTRL_INTFLAGS                 4100
NVMCTRL_DATAL                    4102
NVMCTRL_DATAH                    4103
NVMCTRL_ADDRL                    4104
NVMCTRL_ADDRH                    4105
SIGROW_DEVICEID0                 4352
SIGROW_DEVICEID1                 4353
SIGROW_DEVICEID2                 4354
SIGROW_SERNUM0                   4355
SIGROW_SERNUM1                   4356
SIGROW_SERNUM2                   4357
SIGROW_SERNUM3                   4358
SIGROW_SERNUM4                   4359
SIGROW_SERNUM5                   4360
SIGROW_SERNUM6                   4361
SIGROW_SERNUM7                   4362
SIGROW_SERNUM8                   4363
SIGROW_SERNUM9                   4364
SIGROW_OSCCAL32K                 4372
SIGROW_OSCCAL16M0                4376
SIGROW_OSCCAL16M1                4377
SIGROW_OSCCAL20M0                4378
SIGROW_OSCCAL20M1                4379
SIGROW_TEMPSENSE0                4384
SIGROW_TEMPSENSE1                4385
SIGROW_OSC16ERR3V                4386
SIGROW_OSC16ERR5V                4387
SIGROW_OSC20ERR3V                4388
SIGROW_OSC20ERR5V                4389
SIGROW_CHECKSUM1                 4399
FUSE_WDTCFG                      4736
FUSE_BODCFG                      4737
FUSE_OSCCFG                      4738
FUSE_SYSCFG0                     4741
FUSE_SYSCFG1                     4742
FUSE_APPEND                      4743
FUSE_BOOTEND                     4744
LOCKBIT_LOCKBIT                  4746
USERROW_USERROW0                 4864
USERROW_USERROW1                 4865
USERROW_USERROW2                 4866
USERROW_USERROW3                 4867
USERROW_USERROW4                 4868
USERROW_USERROW5                 4869
USERROW_USERROW6                 4870
USERROW_USERROW7                 4871
USERROW_USERROW8                 4872
USERROW_USERROW9                 4873
USERROW_USERROW10                4874
USERROW_USERROW11                4875
USERROW_USERROW12                4876
USERROW_USERROW13                4877
USERROW_USERROW14                4878
USERROW_USERROW15                4879
USERROW_USERROW16                4880
USERROW_USERROW17                4881
USERROW_USERROW18                4882
USERROW_USERROW19                4883
USERROW_USERROW20                4884
USERROW_USERROW21                4885
USERROW_USERROW22                4886
USERROW_USERROW23                4887
USERROW_USERROW24                4888
USERROW_USERROW25                4889
USERROW_USERROW26                4890
USERROW_USERROW27                4891
USERROW_USERROW28                4892
USERROW_USERROW29                4893
USERROW_USERROW30                4894
USERROW_USERROW31                4895
USERROW_USERROW32                4896
USERROW_USERROW33                4897
USERROW_USERROW34                4898
USERROW_USERROW35                4899
USERROW_USERROW36                4900
USERROW_USERROW37                4901
USERROW_USERROW38                4902
USERROW_USERROW39                4903
USERROW_USERROW40                4904
USERROW_USERROW41                4905
USERROW_USERROW42                4906
USERROW_USERROW43                4907
USERROW_USERROW44                4908
USERROW_USERROW45                4909
USERROW_USERROW46                4910
USERROW_USERROW47                4911
USERROW_USERROW48                4912
USERROW_USERROW49                4913
USERROW_USERROW50                4914
USERROW_USERROW51                4915
USERROW_USERROW52                4916
USERROW_USERROW53                4917
USERROW_USERROW54                4918
USERROW_USERROW55                4919
USERROW_USERROW56                4920
USERROW_USERROW57                4921
USERROW_USERROW58                4922
USERROW_USERROW59                4923
USERROW_USERROW60                4924
USERROW_USERROW61                4925
USERROW_USERROW62                4926
USERROW_USERROW63                4927
_ROMSIZE                         49152
_CHIP                            4809
SMODE1                           1
SMODE2                           2
AC_ENABLE_BP                     0
AC_HYSMODE0_BP                   1
AC_HYSMODE1_BP                   2
AC_INTMODE0_BP                   4
AC_INTMODE1_BP                   5
AC_LPMODE_BP                     3
AC_OUTEN_BP                      6
AC_RUNSTDBY_BP                   7
AC_DATA0_BP                      0
AC_DATA1_BP                      1
AC_DATA2_BP                      2
AC_DATA3_BP                      3
AC_DATA4_BP                      4
AC_DATA5_BP                      5
AC_DATA6_BP                      6
AC_DATA7_BP                      7
AC_CMP_BP                        0
AC_INVERT_BP                     7
AC_MUXNEG0_BP                    0
AC_MUXNEG1_BP                    1
AC_MUXPOS0_BP                    3
AC_MUXPOS1_BP                    4
AC_STATE_BP                      4
ADC_DUTYCYC_BP                   0
ADC_STCONV_BP                    0
ADC_ENABLE_BP                    0
ADC_FREERUN_BP                   1
ADC_RESSEL_BP                    2
ADC_RUNSTBY_BP                   7
ADC_SAMPNUM0_BP                  0
ADC_SAMPNUM1_BP                  1
ADC_SAMPNUM2_BP                  2
ADC_PRESC0_BP                    0
ADC_PRESC1_BP                    1
ADC_PRESC2_BP                    2
ADC_REFSEL0_BP                   4
ADC_REFSEL1_BP                   5
ADC_SAMPCAP_BP                   6
ADC_ASDV_BP                      4
ADC_INITDLY0_BP                  5
ADC_INITDLY1_BP                  6
ADC_INITDLY2_BP                  7
ADC_SAMPDLY0_BP                  0
ADC_SAMPDLY1_BP                  1
ADC_SAMPDLY2_BP                  2
ADC_SAMPDLY3_BP                  3
ADC_WINCM0_BP                    0
ADC_WINCM1_BP                    1
ADC_WINCM2_BP                    2
ADC_DBGRUN_BP                    0
ADC_STARTEI_BP                   0
ADC_RESRDY_BP                    0
ADC_WCMP_BP                      1
ADC_MUXPOS0_BP                   0
ADC_MUXPOS1_BP                   1
ADC_MUXPOS2_BP                   2
ADC_MUXPOS3_BP                   3
ADC_MUXPOS4_BP                   4
ADC_SAMPLEN0_BP                  0
ADC_SAMPLEN1_BP                  1
ADC_SAMPLEN2_BP                  2
ADC_SAMPLEN3_BP                  3
ADC_SAMPLEN4_BP                  4
ADC_TEMP0_BP                     0
ADC_TEMP1_BP                     1
ADC_TEMP2_BP                     2
ADC_TEMP3_BP                     3
ADC_TEMP4_BP                     4
ADC_TEMP5_BP                     5
ADC_TEMP6_BP                     6
ADC_TEMP7_BP                     7
BOD_ACTIVE0_BP                   2
BOD_ACTIVE1_BP                   3
BOD_SAMPFREQ_BP                  4
BOD_SLEEP0_BP                    0
BOD_SLEEP1_BP                    1
BOD_LVL0_BP                      0
BOD_LVL1_BP                      1
BOD_LVL2_BP                      2
BOD_VLMCFG0_BP                   1
BOD_VLMCFG1_BP                   2
BOD_VLMIE_BP                     0
BOD_VLMIF_BP                     0
BOD_VLMS_BP                      0
BOD_VLMLVL0_BP                   0
BOD_VLMLVL1_BP                   1
CCL_ENABLE_BP                    0
CCL_RUNSTDBY_BP                  6
CCL_INTMODE00_BP                 0
CCL_INTMODE01_BP                 1
CCL_INTMODE10_BP                 2
CCL_INTMODE11_BP                 3
CCL_INTMODE20_BP                 4
CCL_INTMODE21_BP                 5
CCL_INTMODE30_BP                 6
CCL_INTMODE31_BP                 7
CCL_INT0_BP                      0
CCL_INT1_BP                      1
CCL_INT2_BP                      2
CCL_INT3_BP                      3
CCL_CLKSRC0_BP                   1
CCL_CLKSRC1_BP                   2
CCL_CLKSRC2_BP                   3
CCL_EDGEDET_BP                   7
CCL_FILTSEL0_BP                  4
CCL_FILTSEL1_BP                  5
CCL_OUTEN_BP                     6
CCL_INSEL00_BP                   0
CCL_INSEL01_BP                   1
CCL_INSEL02_BP                   2
CCL_INSEL03_BP                   3
CCL_INSEL10_BP                   4
CCL_INSEL11_BP                   5
CCL_INSEL12_BP                   6
CCL_INSEL13_BP                   7
CCL_INSEL20_BP                   0
CCL_INSEL21_BP                   1
CCL_INSEL22_BP                   2
CCL_INSEL23_BP                   3
CCL_SEQSEL00_BP                  0
CCL_SEQSEL01_BP                  1
CCL_SEQSEL02_BP                  2
CCL_SEQSEL10_BP                  0
CCL_SEQSEL11_BP                  1
CCL_SEQSEL12_BP                  2
CLKCTRL_CLKOUT_BP                7
CLKCTRL_CLKSEL0_BP               0
CLKCTRL_CLKSEL1_BP               1
CLKCTRL_PDIV0_BP                 1
CLKCTRL_PDIV1_BP                 2
CLKCTRL_PDIV2_BP                 3
CLKCTRL_PDIV3_BP                 4
CLKCTRL_PEN_BP                   0
CLKCTRL_LOCKEN_BP                0
CLKCTRL_EXTS_BP                  7
CLKCTRL_OSC20MS_BP               4
CLKCTRL_OSC32KS_BP               5
CLKCTRL_SOSC_BP                  0
CLKCTRL_XOSC32KS_BP              6
CLKCTRL_CAL20M0_BP               0
CLKCTRL_CAL20M1_BP               1
CLKCTRL_CAL20M2_BP               2
CLKCTRL_CAL20M3_BP               3
CLKCTRL_CAL20M4_BP               4
CLKCTRL_CAL20M5_BP               5
CLKCTRL_CAL20M6_BP               6
CLKCTRL_LOCK_BP                  7
CLKCTRL_TEMPCAL20M0_BP           0
CLKCTRL_TEMPCAL20M1_BP           1
CLKCTRL_TEMPCAL20M2_BP           2
CLKCTRL_TEMPCAL20M3_BP           3
CLKCTRL_RUNSTDBY_BP              1
CLKCTRL_CSUT0_BP                 4
CLKCTRL_CSUT1_BP                 5
CLKCTRL_ENABLE_BP                0
CLKCTRL_SEL_BP                   2
CPU_CCP0_BP                      0
CPU_CCP1_BP                      1
CPU_CCP2_BP                      2
CPU_CCP3_BP                      3
CPU_CCP4_BP                      4
CPU_CCP5_BP                      5
CPU_CCP6_BP                      6
CPU_CCP7_BP                      7
CPU_C_BP                         0
CPU_H_BP                         5
CPU_I_BP                         7
CPU_N_BP                         2
CPU_S_BP                         4
CPU_T_BP                         6
CPU_V_BP                         3
CPU_Z_BP                         1
CPUINT_CVT_BP                    5
CPUINT_IVSEL_BP                  6
CPUINT_LVL0RR_BP                 0
CPUINT_LVL0PRI0_BP               0
CPUINT_LVL0PRI1_BP               1
CPUINT_LVL0PRI2_BP               2
CPUINT_LVL0PRI3_BP               3
CPUINT_LVL0PRI4_BP               4
CPUINT_LVL0PRI5_BP               5
CPUINT_LVL0PRI6_BP               6
CPUINT_LVL0PRI7_BP               7
CPUINT_LVL1VEC0_BP               0
CPUINT_LVL1VEC1_BP               1
CPUINT_LVL1VEC2_BP               2
CPUINT_LVL1VEC3_BP               3
CPUINT_LVL1VEC4_BP               4
CPUINT_LVL1VEC5_BP               5
CPUINT_LVL1VEC6_BP               6
CPUINT_LVL1VEC7_BP               7
CPUINT_LVL0EX_BP                 0
CPUINT_LVL1EX_BP                 1
CPUINT_NMIEX_BP                  7
CRCSCAN_ENABLE_BP                0
CRCSCAN_NMIEN_BP                 1
CRCSCAN_RESET_BP                 7
CRCSCAN_SRC0_BP                  0
CRCSCAN_SRC1_BP                  1
CRCSCAN_BUSY_BP                  0
CRCSCAN_OK_BP                    1
EVSYS_GENERATOR0_BP              0
EVSYS_GENERATOR1_BP              1
EVSYS_GENERATOR2_BP              2
EVSYS_GENERATOR3_BP              3
EVSYS_GENERATOR4_BP              4
EVSYS_GENERATOR5_BP              5
EVSYS_GENERATOR6_BP              6
EVSYS_GENERATOR7_BP              7
EVSYS_STROBE00_BP                0
EVSYS_STROBE01_BP                1
EVSYS_STROBE02_BP                2
EVSYS_STROBE03_BP                3
EVSYS_STROBE04_BP                4
EVSYS_STROBE05_BP                5
EVSYS_STROBE06_BP                6
EVSYS_STROBE07_BP                7
EVSYS_CHANNEL0_BP                0
EVSYS_CHANNEL1_BP                1
EVSYS_CHANNEL2_BP                2
EVSYS_CHANNEL3_BP                3
EVSYS_CHANNEL4_BP                4
EVSYS_CHANNEL5_BP                5
EVSYS_CHANNEL6_BP                6
EVSYS_CHANNEL7_BP                7
FUSE_ACTIVE0_BP                  2
FUSE_ACTIVE1_BP                  3
FUSE_LVL0_BP                     5
FUSE_LVL1_BP                     6
FUSE_LVL2_BP                     7
FUSE_SAMPFREQ_BP                 4
FUSE_SLEEP0_BP                   0
FUSE_SLEEP1_BP                   1
FUSE_FREQSEL0_BP                 0
FUSE_FREQSEL1_BP                 1
FUSE_OSCLOCK_BP                  7
FUSE_CRCSRC0_BP                  6
FUSE_CRCSRC1_BP                  7
FUSE_EESAVE_BP                   0
FUSE_RSTPINCFG_BP                3
FUSE_SUT0_BP                     0
FUSE_SUT1_BP                     1
FUSE_SUT2_BP                     2
FUSE_PERIOD0_BP                  0
FUSE_PERIOD1_BP                  1
FUSE_PERIOD2_BP                  2
FUSE_PERIOD3_BP                  3
FUSE_WINDOW0_BP                  4
FUSE_WINDOW1_BP                  5
FUSE_WINDOW2_BP                  6
FUSE_WINDOW3_BP                  7
LOCKBIT_LB0_BP                   0
LOCKBIT_LB1_BP                   1
LOCKBIT_LB2_BP                   2
LOCKBIT_LB3_BP                   3
LOCKBIT_LB4_BP                   4
LOCKBIT_LB5_BP                   5
LOCKBIT_LB6_BP                   6
LOCKBIT_LB7_BP                   7
NVMCTRL_CMD0_BP                  0
NVMCTRL_CMD1_BP                  1
NVMCTRL_CMD2_BP                  2
NVMCTRL_APCWP_BP                 0
NVMCTRL_BOOTLOCK_BP              1
NVMCTRL_EEREADY_BP               0
NVMCTRL_EEBUSY_BP                1
NVMCTRL_FBUSY_BP                 0
NVMCTRL_WRERROR_BP               2
PORT_INT0_BP                     0
PORT_INT1_BP                     1
PORT_INT2_BP                     2
PORT_INT3_BP                     3
PORT_INT4_BP                     4
PORT_INT5_BP                     5
PORT_INT6_BP                     6
PORT_INT7_BP                     7
PORT_INVEN_BP                    7
PORT_ISC0_BP                     0
PORT_ISC1_BP                     1
PORT_ISC2_BP                     2
PORT_PULLUPEN_BP                 3
PORT_SRL_BP                      0
PORTMUX_LUT0_BP                  0
PORTMUX_LUT1_BP                  1
PORTMUX_LUT2_BP                  2
PORTMUX_LUT3_BP                  3
PORTMUX_EVOUT0_BP                0
PORTMUX_EVOUT1_BP                1
PORTMUX_EVOUT2_BP                2
PORTMUX_EVOUT3_BP                3
PORTMUX_EVOUT4_BP                4
PORTMUX_EVOUT5_BP                5
PORTMUX_TCA00_BP                 0
PORTMUX_TCA01_BP                 1
PORTMUX_TCA02_BP                 2
PORTMUX_TCB0_BP                  0
PORTMUX_TCB1_BP                  1
PORTMUX_TCB2_BP                  2
PORTMUX_TCB3_BP                  3
PORTMUX_SPI00_BP                 0
PORTMUX_SPI01_BP                 1
PORTMUX_TWI00_BP                 4
PORTMUX_TWI01_BP                 5
PORTMUX_USART00_BP               0
PORTMUX_USART01_BP               1
PORTMUX_USART10_BP               2
PORTMUX_USART11_BP               3
PORTMUX_USART20_BP               4
PORTMUX_USART21_BP               5
PORTMUX_USART30_BP               6
PORTMUX_USART31_BP               7
RSTCTRL_BORF_BP                  1
RSTCTRL_EXTRF_BP                 2
RSTCTRL_PORF_BP                  0
RSTCTRL_SWRF_BP                  4
RSTCTRL_UPDIRF_BP                5
RSTCTRL_WDRF_BP                  3
RSTCTRL_SWRE_BP                  0
RTC_ERROR0_BP                    0
RTC_ERROR1_BP                    1
RTC_ERROR2_BP                    2
RTC_ERROR3_BP                    3
RTC_ERROR4_BP                    4
RTC_ERROR5_BP                    5
RTC_ERROR6_BP                    6
RTC_SIGN_BP                      7
RTC_CLKSEL0_BP                   0
RTC_CLKSEL1_BP                   1
RTC_CORREN_BP                    2
RTC_PRESCALER0_BP                3
RTC_PRESCALER1_BP                4
RTC_PRESCALER2_BP                5
RTC_PRESCALER3_BP                6
RTC_RTCEN_BP                     0
RTC_RUNSTDBY_BP                  7
RTC_DBGRUN_BP                    0
RTC_CMP_BP                       1
RTC_OVF_BP                       0
RTC_PERIOD0_BP                   3
RTC_PERIOD1_BP                   4
RTC_PERIOD2_BP                   5
RTC_PERIOD3_BP                   6
RTC_PITEN_BP                     0
RTC_PI_BP                        0
RTC_CTRLBUSY_BP                  0
RTC_CMPBUSY_BP                   3
RTC_CNTBUSY_BP                   1
RTC_CTRLABUSY_BP                 0
RTC_PERBUSY_BP                   2
SLPCTRL_SEN_BP                   0
SLPCTRL_SMODE0_BP                1
SLPCTRL_SMODE1_BP                2
SPI_CLK2X_BP                     4
SPI_DORD_BP                      6
SPI_ENABLE_BP                    0
SPI_MASTER_BP                    5
SPI_PRESC0_BP                    1
SPI_PRESC1_BP                    2
SPI_BUFEN_BP                     7
SPI_BUFWR_BP                     6
SPI_MODE0_BP                     0
SPI_MODE1_BP                     1
SPI_SSD_BP                       2
SPI_DREIE_BP                     5
SPI_IE_BP                        0
SPI_RXCIE_BP                     7
SPI_SSIE_BP                      4
SPI_TXCIE_BP                     6
SPI_BUFOVF_BP                    0
SPI_DREIF_BP                     5
SPI_RXCIF_BP                     7
SPI_SSIF_BP                      4
SPI_TXCIF_BP                     6
SPI_IF_BP                        7
SPI_WRCOL_BP                     6
SYSCFG_ENEXTBRK_BP               0
SYSCFG_OCDMR_BP                  0
TCA_SINGLE_CLKSEL0_BP            1
TCA_SINGLE_CLKSEL1_BP            2
TCA_SINGLE_CLKSEL2_BP            3
TCA_SINGLE_ENABLE_BP             0
TCA_SINGLE_ALUPD_BP              3
TCA_SINGLE_CMP0EN_BP             4
TCA_SINGLE_CMP1EN_BP             5
TCA_SINGLE_CMP2EN_BP             6
TCA_SINGLE_WGMODE0_BP            0
TCA_SINGLE_WGMODE1_BP            1
TCA_SINGLE_WGMODE2_BP            2
TCA_SINGLE_CMP0OV_BP             0
TCA_SINGLE_CMP1OV_BP             1
TCA_SINGLE_CMP2OV_BP             2
TCA_SINGLE_SPLITM_BP             0
TCA_SINGLE_CMD0_BP               2
TCA_SINGLE_CMD1_BP               3
TCA_SINGLE_DIR_BP                0
TCA_SINGLE_LUPD_BP               1
TCA_SINGLE_CMP0BV_BP             1
TCA_SINGLE_CMP1BV_BP             2
TCA_SINGLE_CMP2BV_BP             3
TCA_SINGLE_PERBV_BP              0
TCA_SINGLE_DBGRUN_BP             0
TCA_SINGLE_CNTEI_BP              0
TCA_SINGLE_EVACT0_BP             1
TCA_SINGLE_EVACT1_BP             2
TCA_SINGLE_CMP0_BP               4
TCA_SINGLE_CMP1_BP               5
TCA_SINGLE_CMP2_BP               6
TCA_SINGLE_OVF_BP                0
TCA_SPLIT_CLKSEL0_BP             1
TCA_SPLIT_CLKSEL1_BP             2
TCA_SPLIT_CLKSEL2_BP             3
TCA_SPLIT_ENABLE_BP              0
TCA_SPLIT_HCMP0EN_BP             4
TCA_SPLIT_HCMP1EN_BP             5
TCA_SPLIT_HCMP2EN_BP             6
TCA_SPLIT_LCMP0EN_BP             0
TCA_SPLIT_LCMP1EN_BP             1
TCA_SPLIT_LCMP2EN_BP             2
TCA_SPLIT_HCMP0OV_BP             4
TCA_SPLIT_HCMP1OV_BP             5
TCA_SPLIT_HCMP2OV_BP             6
TCA_SPLIT_LCMP0OV_BP             0
TCA_SPLIT_LCMP1OV_BP             1
TCA_SPLIT_LCMP2OV_BP             2
TCA_SPLIT_SPLITM_BP              0
TCA_SPLIT_CMD0_BP                2
TCA_SPLIT_CMD1_BP                3
TCA_SPLIT_DBGRUN_BP              0
TCA_SPLIT_HUNF_BP                1
TCA_SPLIT_LCMP0_BP               4
TCA_SPLIT_LCMP1_BP               5
TCA_SPLIT_LCMP2_BP               6
TCA_SPLIT_LUNF_BP                0
TCB_CLKSEL0_BP                   1
TCB_CLKSEL1_BP                   2
TCB_ENABLE_BP                    0
TCB_RUNSTDBY_BP                  6
TCB_SYNCUPD_BP                   4
TCB_ASYNC_BP                     6
TCB_CCMPEN_BP                    4
TCB_CCMPINIT_BP                  5
TCB_CNTMODE0_BP                  0
TCB_CNTMODE1_BP                  1
TCB_CNTMODE2_BP                  2
TCB_DBGRUN_BP                    0
TCB_CAPTEI_BP                    0
TCB_EDGE_BP                      4
TCB_FILTER_BP                    6
TCB_CAPT_BP                      0
TCB_RUN_BP                       0
TWI_FMPEN_BP                     1
TWI_SDAHOLD0_BP                  2
TWI_SDAHOLD1_BP                  3
TWI_SDASETUP_BP                  4
TWI_DBGRUN_BP                    0
TWI_ENABLE_BP                    0
TWI_QCEN_BP                      4
TWI_RIEN_BP                      7
TWI_SMEN_BP                      1
TWI_TIMEOUT0_BP                  2
TWI_TIMEOUT1_BP                  3
TWI_WIEN_BP                      6
TWI_ACKACT_BP                    2
TWI_FLUSH_BP                     3
TWI_MCMD0_BP                     0
TWI_MCMD1_BP                     1
TWI_ARBLOST_BP                   3
TWI_BUSERR_BP                    2
TWI_BUSSTATE0_BP                 0
TWI_BUSSTATE1_BP                 1
TWI_CLKHOLD_BP                   5
TWI_RIF_BP                       7
TWI_RXACK_BP                     4
TWI_WIF_BP                       6
TWI_ADDREN_BP                    0
TWI_ADDRMASK0_BP                 1
TWI_ADDRMASK1_BP                 2
TWI_ADDRMASK2_BP                 3
TWI_ADDRMASK3_BP                 4
TWI_ADDRMASK4_BP                 5
TWI_ADDRMASK5_BP                 6
TWI_ADDRMASK6_BP                 7
TWI_APIEN_BP                     6
TWI_DIEN_BP                      7
TWI_PIEN_BP                      5
TWI_PMEN_BP                      2
TWI_SCMD0_BP                     0
TWI_SCMD1_BP                     1
TWI_AP_BP                        0
TWI_APIF_BP                      6
TWI_COLL_BP                      3
TWI_DIF_BP                       7
TWI_DIR_BP                       1
USART_ABEIE_BP                   2
USART_DREIE_BP                   5
USART_LBME_BP                    3
USART_RS4850_BP                  0
USART_RS4851_BP                  1
USART_RXCIE_BP                   7
USART_RXSIE_BP                   4
USART_TXCIE_BP                   6
USART_MPCM_BP                    0
USART_ODME_BP                    3
USART_RXEN_BP                    7
USART_RXMODE0_BP                 1
USART_RXMODE1_BP                 2
USART_SFDEN_BP                   4
USART_TXEN_BP                    6
USART_CMODE0_BP                  6
USART_CMODE1_BP                  7
USART_UCPHA_BP                   1
USART_UDORD_BP                   2
USART_CHSIZE0_BP                 0
USART_CHSIZE1_BP                 1
USART_CHSIZE2_BP                 2
USART_PMODE0_BP                  4
USART_PMODE1_BP                  5
USART_SBMODE_BP                  3
USART_ABW0_BP                    6
USART_ABW1_BP                    7
USART_ABMBP_BP                   7
USART_DBGRUN_BP                  0
USART_IREI_BP                    0
USART_BUFOVF_BP                  6
USART_DATA8_BP                   0
USART_FERR_BP                    2
USART_PERR_BP                    1
USART_RXCIF_BP                   7
USART_DATA0_BP                   0
USART_DATA1_BP                   1
USART_DATA2_BP                   2
USART_DATA3_BP                   3
USART_DATA4_BP                   4
USART_DATA5_BP                   5
USART_DATA6_BP                   6
USART_DATA7_BP                   7
USART_RXPL0_BP                   0
USART_RXPL1_BP                   1
USART_RXPL2_BP                   2
USART_RXPL3_BP                   3
USART_RXPL4_BP                   4
USART_RXPL5_BP                   5
USART_RXPL6_BP                   6
USART_BDF_BP                     1
USART_DREIF_BP                   5
USART_ISFIF_BP                   3
USART_RXSIF_BP                   4
USART_TXCIF_BP                   6
USART_WFB_BP                     0
USART_TXPL0_BP                   0
USART_TXPL1_BP                   1
USART_TXPL2_BP                   2
USART_TXPL3_BP                   3
USART_TXPL4_BP                   4
USART_TXPL5_BP                   5
USART_TXPL6_BP                   6
USART_TXPL7_BP                   7
VPORT_INT0_BP                    0
VPORT_INT1_BP                    1
VPORT_INT2_BP                    2
VPORT_INT3_BP                    3
VPORT_INT4_BP                    4
VPORT_INT5_BP                    5
VPORT_INT6_BP                    6
VPORT_INT7_BP                    7
VREF_AC0REFSEL0_BP               0
VREF_AC0REFSEL1_BP               1
VREF_AC0REFSEL2_BP               2
VREF_ADC0REFSEL0_BP              4
VREF_ADC0REFSEL1_BP              5
VREF_ADC0REFSEL2_BP              6
VREF_AC0REFEN_BP                 0
VREF_ADC0REFEN_BP                1
WDT_PERIOD0_BP                   0
WDT_PERIOD1_BP                   1
WDT_PERIOD2_BP                   2
WDT_PERIOD3_BP                   3
WDT_WINDOW0_BP                   4
WDT_WINDOW1_BP                   5
WDT_WINDOW2_BP                   6
WDT_WINDOW3_BP                   7
WDT_LOCK_BP                      7
WDT_SYNCBUSY_BP                  0
_RESET                           0
_DATE_FORMAT                     0
_DATE_SEPARATOR                  92
_GSTRBUF                         16264
_DECIMALPOINT                    46
_RTSCTS                          0
_RTSCTS1                         0
_RTSCTS3                         0
_RTSCTS4                         0
_RTSCTS5                         0
_RTSCTS6                         0
_RTSCTS7                         0
_RTSCTS8                         0
_RAMSIZE                         6144
_ERAMSIZE                        256
_SIM                             1
_HUGE                            0
_BASE                            1
_XTAL                            20000000
_BUILD                           20870
_COMPILER                        90
_HWMUL                           1
_DOSFILEWRITE                    0
_DOSDIRWRITE                     0
_1WEXT                           0
_UARTS                           4
_HWSTACKSTART                    16383
_TIMEOUT                         0
_PBIN_EXTENDED                   0
_SPI_EXTENDED                    0
_INPBIN_EXTENDED                 0
_BIGSTRINGS                      0
SEROUT_EXTPULL                   1
_FPROTECT                        0
_HWSTACK_LOW                     &H3FD7
_SWSTACK_LOW                     &H3FB0
_FRAME_HIGH                      &H3FB1
_HAVEMOVW                        1
_XMEGA                           0
_XTINY                           2
_LCDDB4                          21
_LCDDB4_PIN                      0
_LCDDB4DIR                       20
_LCDDB5                          21
_LCDDB5_PIN                      1
_LCDDB5DIR                       20
_LCDDB6                          21
_LCDDB6_PIN                      2
_LCDDB6DIR                       20
_LCDDB7                          21
_LCDDB7_PIN                      3
_LCDDB7DIR                       20
_LCDDBE                          21
_LCDDBE_PIN                      4
_LCDDBEDIR                       20
_LCDDBRS                         21
_LCDDBRS_PIN                     6
_LCDDBRSDIR                      20
_TEXTLCDKIND                     402
CBITINFINITY                     0
CMBITINFINITY                    1
CBITZERO                         1
CMBITZERO                        2
CBITNAN                          2
CMBITNAN                         4
CBITNANIFINF                     3
CMBITNANIFINF                    8
CBITNANIFMINUS                   4
CMBITNANIFMINUS                  16
CBITSIGN                         7
CMBITSIGN                        128
CEXPADDOFFSET                    0
CEXPSUBOFFSET                    12
CEXPMULOFFSET                    24
CEXPDIVOFFSET                    36


--------------------------------------------------------------------------------
Warnings:
--------------------------------------------------------------------------------
LEFTMARKER                       not used
RIGHTMARKER                      not used
ADCRESULTS                       not used
ADCSTRING                        not used
ADCLENGTH                        not used
ADCSPACES                        not used

